{
  "Classes": [
    ""
  ],
  "ClassDocumentations": [
    "// <summary>eventsource</summary>"
  ],
  "MethodSignatures": [
    "Foo()",
    "Foo(int applicationId, Guid activityId)",
    "WriteCore(int eventId, int applicationId, Guid activityId)"
  ],
  "MethodDocumentations": [
    "// <summary>event</summary>",
    null,
    null
  ],
  "ImportedNamespaces": [
    "using Thor.Core;",
    "using Thor.Core.Abstractions;",
    "using Thor.Core.Transmission.Abstractions;"
  ]
}
